sample	articNcovNanopore:sequenceAnalysisMedaka:articDownloadScheme	articNcovNanopore:sequenceAnalysisMedaka:articGuppyPlex	articNcovNanopore:sequenceAnalysisMedaka:articMinIONMedaka	articNcovNanopore:sequenceAnalysisMedaka:articRemoveUnmappedReads	articNcovNanopore:sequenceAnalysisMedaka:collateSamples	articNcovNanopore:sequenceAnalysisMedaka:downstreamAnalysis:FN4_upload	articNcovNanopore:sequenceAnalysisMedaka:downstreamAnalysis:aln2type	articNcovNanopore:sequenceAnalysisMedaka:downstreamAnalysis:bcftools_csq	articNcovNanopore:sequenceAnalysisMedaka:downstreamAnalysis:download_nextclade_files	articNcovNanopore:sequenceAnalysisMedaka:downstreamAnalysis:getGFF3	articNcovNanopore:sequenceAnalysisMedaka:downstreamAnalysis:getVariantDefinitions	articNcovNanopore:sequenceAnalysisMedaka:downstreamAnalysis:getWorkflowCommit	articNcovNanopore:sequenceAnalysisMedaka:downstreamAnalysis:makeReport	articNcovNanopore:sequenceAnalysisMedaka:downstreamAnalysis:nextclade	articNcovNanopore:sequenceAnalysisMedaka:downstreamAnalysis:pango	articNcovNanopore:sequenceAnalysisMedaka:getObjFilesONT	articNcovNanopore:sequenceAnalysisMedaka:makeQCCSV	articNcovNanopore:sequenceAnalysisMedaka:writeQCSummaryCSV	KRAKEN:Human reads	KRAKEN:reads	KRAKEN:Coronavirinae reads	CONSENSUS:length	CONSENSUS:masked (N)	CONSENSUS:padded (-)	CONSENSUS:bases (acgt)	lineage	scorpio_call	NEXTCLADE:seqName	NEXTCLADE:clade	NEXTCLADE:qc.overallScore	NEXTCLADE:qc.overallStatus	NEXTCLADE:totalSubstitutions	NEXTCLADE:totalDeletions	NEXTCLADE:totalInsertions	NEXTCLADE:totalFrameShifts	NEXTCLADE:totalAminoacidSubstitutions	NEXTCLADE:totalAminoacidDeletions	NEXTCLADE:totalMissing	NEXTCLADE:totalNonACGTNs	NEXTCLADE:totalPcrPrimerChanges	NEXTCLADE:substitutions	NEXTCLADE:deletions	NEXTCLADE:insertions	NEXTCLADE:frameShifts	NEXTCLADE:aaSubstitutions	NEXTCLADE:aaDeletions	NEXTCLADE:missing	NEXTCLADE:nonACGTNs	NEXTCLADE:pcrPrimerChanges	NEXTCLADE:alignmentScore	NEXTCLADE:alignmentStart	NEXTCLADE:alignmentEnd	NEXTCLADE:qc.missingData.missingDataThreshold	NEXTCLADE:qc.missingData.score	NEXTCLADE:qc.missingData.status	NEXTCLADE:qc.missingData.totalMissing	NEXTCLADE:qc.mixedSites.mixedSitesThreshold	NEXTCLADE:qc.mixedSites.score	NEXTCLADE:qc.mixedSites.status	NEXTCLADE:qc.mixedSites.totalMixedSites	NEXTCLADE:qc.privateMutations.cutoff	NEXTCLADE:qc.privateMutations.excess	NEXTCLADE:qc.privateMutations.score	NEXTCLADE:qc.privateMutations.status	NEXTCLADE:qc.privateMutations.total	NEXTCLADE:qc.snpClusters.clusteredSNPs	NEXTCLADE:qc.snpClusters.score	NEXTCLADE:qc.snpClusters.status	NEXTCLADE:qc.snpClusters.totalSNPs	NEXTCLADE:qc.frameShifts.frameShifts	NEXTCLADE:qc.frameShifts.totalFrameShifts	NEXTCLADE:qc.frameShifts.frameShiftsIgnored	NEXTCLADE:qc.frameShifts.totalFrameShiftsIgnored	NEXTCLADE:qc.frameShifts.score	NEXTCLADE:qc.frameShifts.status	NEXTCLADE:qc.stopCodons.stopCodons	NEXTCLADE:qc.stopCodons.totalStopCodons	NEXTCLADE:qc.stopCodons.score	NEXTCLADE:qc.stopCodons.status	NEXTCLADE:errors	ALN2TYPE:sample_id	ALN2TYPE:phe-label	ALN2TYPE:unique-id	ALN2TYPE:status	ALN2TYPE:mutation-ref-calls	ALN2TYPE:mutation-mixed-calls	ALN2TYPE:mutation-calls	ALN2TYPE:indel-ref-calls	ALN2TYPE:indel-calls	ALN2TYPE:no-calls	ALN2TYPE:no-calls-deletion
mmm-artic-ont-s11511-1		COMPLETED	COMPLETED	COMPLETED	COMPLETED	COMPLETED	COMPLETED	COMPLETED					COMPLETED	COMPLETED	COMPLETED	COMPLETED	COMPLETED		2223.0	165540.0	16879.0	29903.0	121.0	0.0	29782.0	B.1.177		mmm-artic-ont-s11511-1/ARTIC/medaka MN908947.3	20E (EU1)	0.694444	good	24.0	0.0	0.0	0.0	9.0	0.0	121.0	0.0	0.0	G204T,C241T,T445C,C1758T,C3037T,C5575T,C6286T,G7042T,C11518T,C11962T,C14408T,A15753G,A19655G,G21255C,C21614T,C22227T,A23403G,G23611A,C24767T,C26801G,T27182C,C27944T,C28932T,G29645T				N:A220V,ORF1a:A498V,ORF1a:M2259I,ORF1b:P314L,ORF1b:K2063R,S:L18F,S:A222V,S:D614G,S:P1069S		1-54,29837-29903			89613.0	0.0	29903.0	3000.0	0.0	good	121.0	10.0	0.0	good	0.0	24.0	2.0	8.333333	good	10.0		0.0	good	0.0		0.0		0.0	0.0	good		0.0	0.0	good		mmm-artic-ont-s11511-1/ARTIC/medaka	unclassified	unclassified	unclassified							
mmm-artic-ont-s12220-4		COMPLETED	COMPLETED	COMPLETED	COMPLETED	COMPLETED	COMPLETED	COMPLETED					COMPLETED	COMPLETED	COMPLETED	COMPLETED	COMPLETED		339.0	214103.0	18543.0	29903.0	121.0	0.0	29782.0	B.1.177.7		mmm-artic-ont-s12220-4/ARTIC/medaka MN908947.3	20E (EU1)	0.0	good	18.0	0.0	0.0	0.0	8.0	0.0	121.0	0.0	1.0	G204T,C241T,T445C,C1625T,C3037T,G4454T,C6286T,C14408T,C15480T,G21255C,C21614T,C22227T,A23403G,C24138T,C26801G,C27944T,C28932T,G29645T				N:A220V,ORF1a:L454F,ORF1a:A1397S,ORF1b:P314L,S:L18F,S:A222V,S:D614G,S:T859I		1-54,29837-29903		Charit√©_S_RdRp_P:C15480T	89637.0	0.0	29903.0	3000.0	0.0	good	121.0	10.0	0.0	good	0.0	24.0	-5.0	0.0	good	3.0		0.0	good	0.0		0.0		0.0	0.0	good		0.0	0.0	good		mmm-artic-ont-s12220-4/ARTIC/medaka	unclassified	unclassified	unclassified							
mmm-artic-ont-s12368-1		COMPLETED	COMPLETED	COMPLETED	COMPLETED	COMPLETED	COMPLETED	COMPLETED					COMPLETED	COMPLETED	COMPLETED	COMPLETED	COMPLETED		168.0	213252.0	19575.0	29903.0	121.0	0.0	29782.0	P.2	Zeta (P.2-like)	mmm-artic-ont-s12368-1/ARTIC/medaka MN908947.3	20B	0.0	good	21.0	0.0	0.0	0.0	10.0	0.0	121.0	0.0	4.0	C100T,C241T,C3037T,G3340T,T10667G,G11335T,C11824T,C12053T,C12076T,A12964G,C14408T,G23012A,A23403G,G25088T,C28253T,G28628T,G28881A,G28882A,G28883C,G28975T,C29754T				N:A119S,N:R203K,N:G204R,N:M234I,ORF1a:L3468V,ORF1a:L3930F,ORF1b:P314L,S:E484K,S:D614G,S:V1176F		1-54,29837-29903		ChinaCDC_N_F:G28881A;G28882A;G28883C,ChinaCDC_N_R:G28975T	89625.0	0.0	29903.0	3000.0	0.0	good	121.0	10.0	0.0	good	0.0	24.0	-4.0	0.0	good	4.0		0.0	good	0.0		0.0		0.0	0.0	good		0.0	0.0	good		mmm-artic-ont-s12368-1/ARTIC/medaka	E484K	harbor-sprite	confirmed	0.0	0.0	1.0	0.0	0.0	0.0	0.0
mmm-artic-ont-s12368-1		COMPLETED	COMPLETED	COMPLETED	COMPLETED	COMPLETED	COMPLETED	COMPLETED					COMPLETED	COMPLETED	COMPLETED	COMPLETED	COMPLETED		168.0	213252.0	19575.0	29903.0	121.0	0.0	29782.0	P.2	Zeta (P.2-like)	mmm-artic-ont-s12368-1/ARTIC/medaka MN908947.3	20B	0.0	good	21.0	0.0	0.0	0.0	10.0	0.0	121.0	0.0	4.0	C100T,C241T,C3037T,G3340T,T10667G,G11335T,C11824T,C12053T,C12076T,A12964G,C14408T,G23012A,A23403G,G25088T,C28253T,G28628T,G28881A,G28882A,G28883C,G28975T,C29754T				N:A119S,N:R203K,N:G204R,N:M234I,ORF1a:L3468V,ORF1a:L3930F,ORF1b:P314L,S:E484K,S:D614G,S:V1176F		1-54,29837-29903		ChinaCDC_N_F:G28881A;G28882A;G28883C,ChinaCDC_N_R:G28975T	89625.0	0.0	29903.0	3000.0	0.0	good	121.0	10.0	0.0	good	0.0	24.0	-4.0	0.0	good	4.0		0.0	good	0.0		0.0		0.0	0.0	good		0.0	0.0	good		mmm-artic-ont-s12368-1/ARTIC/medaka	VUI-21JAN-01	marbling-doodle	confirmed	0.0	0.0	7.0	0.0	0.0	0.0	0.0
mmm-artic-ont-s16621-3		COMPLETED	COMPLETED	COMPLETED	COMPLETED	COMPLETED	COMPLETED	COMPLETED					COMPLETED	COMPLETED	COMPLETED	COMPLETED	COMPLETED		348.0	209058.0	16948.0	29884.0	121.0	0.0	29763.0	B.1.1.7	Alpha (B.1.1.7-like)	mmm-artic-ont-s16621-3/ARTIC/medaka MN908947.3	20I (Alpha, V1)	0.0	good	30.0	19.0	0.0	0.0	20.0	6.0	121.0	0.0	4.0	C241T,C913T,C3037T,C3177T,C3267T,C5388A,A5715G,C5986T,T6954C,C14408T,C14676T,C15279T,T16176C,A23063T,C23271A,A23403G,C23604A,C23709T,T24506G,G24914C,C27972T,G28048T,A28111G,G28280C,A28281T,T28282A,G28881A,G28882A,G28883C,C28977T	11288-11296,21765-21770,21992-21994,28271			N:D3L,N:R203K,N:G204R,N:S235F,ORF1a:P971L,ORF1a:T1001I,ORF1a:A1708D,ORF1a:K1817R,ORF1a:I2230T,ORF1b:P314L,ORF8:Q27*,ORF8:R52I,ORF8:Y73C,S:N501Y,S:A570D,S:D614G,S:P681H,S:T716I,S:S982A,S:D1118H	ORF1a:S3675-,ORF1a:G3676-,ORF1a:F3677-,S:H69-,S:V70-,S:Y144-	1-54,29837-29903		ChinaCDC_N_F:G28881A;G28882A;G28883C,ChinaCDC_N_R:C28977T	89504.0	0.0	29903.0	3000.0	0.0	good	121.0	10.0	0.0	good	0.0	24.0	-6.0	0.0	good	2.0		0.0	good	0.0		0.0		0.0	0.0	good		0.0	0.0	good		mmm-artic-ont-s16621-3/ARTIC/medaka	VOC-20DEC-01	denture-daughter	confirmed	0.0	0.0	13.0	0.0	2.0	0.0	0.0
mmm-artic-ont-s24350-1		COMPLETED	COMPLETED	COMPLETED	COMPLETED	COMPLETED	COMPLETED	COMPLETED					COMPLETED	COMPLETED	COMPLETED	COMPLETED	COMPLETED		64.0	79195.0	7227.0	29894.0	122.0	0.0	29772.0	P.1	Gamma (P.1-like)	mmm-artic-ont-s24350-1/ARTIC/medaka MN908947.3	20J (Gamma, V3)	0.0	good	35.0	9.0	0.0	0.0	24.0	3.0	122.0	0.0	3.0	C241T,T733C,C2749T,C3037T,C3828T,A5648C,A6319G,A6613G,C10582T,C11454T,C12778T,C13860T,C14408T,G17259T,C21614T,C21621A,C21638T,C21642T,G21974T,G22132T,A22812C,G23012A,A23063T,A23403G,C23525T,C24642T,G25088T,T26149C,G28167A,C28512G,A28877T,G28878C,G28881A,G28882A,G28883C	11288-11296			N:P80R,N:R203K,N:G204R,ORF1a:S1188L,ORF1a:K1795Q,ORF1a:A3730V,ORF1b:P314L,ORF1b:E1264D,ORF3a:S253P,ORF8:E92K,ORF9b:Q77E,S:L18F,S:T20N,S:P26S,S:A27V,S:D138Y,S:R190S,S:K417T,S:E484K,S:N501Y,S:D614G,S:H655Y,S:T1027I,S:V1176F	ORF1a:S3675-,ORF1a:G3676-,ORF1a:F3677-	1-54,28262,29837-29903		ChinaCDC_N_F:G28881A;G28882A;G28883C	89535.0	0.0	29903.0	3000.0	0.0	good	122.0	10.0	0.0	good	0.0	24.0	-5.0	0.0	good	3.0		0.0	good	0.0		0.0		0.0	0.0	good		0.0	0.0	good		mmm-artic-ont-s24350-1/ARTIC/medaka	E484K	harbor-sprite	confirmed	0.0	0.0	1.0	0.0	0.0	0.0	0.0
mmm-artic-ont-s24350-1		COMPLETED	COMPLETED	COMPLETED	COMPLETED	COMPLETED	COMPLETED	COMPLETED					COMPLETED	COMPLETED	COMPLETED	COMPLETED	COMPLETED		64.0	79195.0	7227.0	29894.0	122.0	0.0	29772.0	P.1	Gamma (P.1-like)	mmm-artic-ont-s24350-1/ARTIC/medaka MN908947.3	20J (Gamma, V3)	0.0	good	35.0	9.0	0.0	0.0	24.0	3.0	122.0	0.0	3.0	C241T,T733C,C2749T,C3037T,C3828T,A5648C,A6319G,A6613G,C10582T,C11454T,C12778T,C13860T,C14408T,G17259T,C21614T,C21621A,C21638T,C21642T,G21974T,G22132T,A22812C,G23012A,A23063T,A23403G,C23525T,C24642T,G25088T,T26149C,G28167A,C28512G,A28877T,G28878C,G28881A,G28882A,G28883C	11288-11296			N:P80R,N:R203K,N:G204R,ORF1a:S1188L,ORF1a:K1795Q,ORF1a:A3730V,ORF1b:P314L,ORF1b:E1264D,ORF3a:S253P,ORF8:E92K,ORF9b:Q77E,S:L18F,S:T20N,S:P26S,S:A27V,S:D138Y,S:R190S,S:K417T,S:E484K,S:N501Y,S:D614G,S:H655Y,S:T1027I,S:V1176F	ORF1a:S3675-,ORF1a:G3676-,ORF1a:F3677-	1-54,28262,29837-29903		ChinaCDC_N_F:G28881A;G28882A;G28883C	89535.0	0.0	29903.0	3000.0	0.0	good	122.0	10.0	0.0	good	0.0	24.0	-5.0	0.0	good	3.0		0.0	good	0.0		0.0		0.0	0.0	good		0.0	0.0	good		mmm-artic-ont-s24350-1/ARTIC/medaka	VOC-21JAN-02	slinky-antennae	confirmed	0.0	0.0	14.0	0.0	1.0	1.0	0.0
mmm-artic-ont-s32219-1		COMPLETED	COMPLETED	COMPLETED	COMPLETED	COMPLETED	COMPLETED	COMPLETED					COMPLETED	COMPLETED	COMPLETED	COMPLETED	COMPLETED		1020.0	319054.0	30182.0	29885.0	339.0	0.0	29546.0	B.1.351	Beta (B.1.351-like)	mmm-artic-ont-s32219-1/ARTIC/medaka MN908947.3	20H (Beta, V2)	0.020863999999999997	good	25.0	18.0	0.0	0.0	17.0	6.0	339.0	0.0	1.0	G174T,C241T,C1059T,A2692T,C3037T,C4202T,G5230T,T6106C,C9344T,A10323G,C14408T,C16393T,A21801C,A22206G,G22813T,G23012A,A23063T,A23403G,C23664T,G25563T,C25904T,C26456T,T27193C,C28253T,C28887T	11288-11296,22283-22291			E:P71L,N:T205I,ORF1a:T265I,ORF1a:K1655N,ORF1a:L3027F,ORF1a:K3353R,ORF1b:P314L,ORF1b:P976S,ORF3a:Q57H,ORF3a:S171L,S:D80A,S:D215G,S:K417N,S:E484K,S:N501Y,S:D614G,S:A701V	ORF1a:S3675-,ORF1a:G3676-,ORF1a:F3677-,S:L241-,S:L242-,S:A243-	1-54,22325-22542,29837-29903		ChinaCDC_N_F:C28887T	89541.0	0.0	29903.0	3000.0	1.444444	good	339.0	10.0	0.0	good	0.0	24.0	-3.0	0.0	good	5.0		0.0	good	0.0		0.0		0.0	0.0	good		0.0	0.0	good		mmm-artic-ont-s32219-1/ARTIC/medaka	VOC-20DEC-02	carnival-shimmy	confirmed	0.0	0.0	12.0	0.0	2.0	0.0	0.0
mmm-artic-ont-s32219-1		COMPLETED	COMPLETED	COMPLETED	COMPLETED	COMPLETED	COMPLETED	COMPLETED					COMPLETED	COMPLETED	COMPLETED	COMPLETED	COMPLETED		1020.0	319054.0	30182.0	29885.0	339.0	0.0	29546.0	B.1.351	Beta (B.1.351-like)	mmm-artic-ont-s32219-1/ARTIC/medaka MN908947.3	20H (Beta, V2)	0.020863999999999997	good	25.0	18.0	0.0	0.0	17.0	6.0	339.0	0.0	1.0	G174T,C241T,C1059T,A2692T,C3037T,C4202T,G5230T,T6106C,C9344T,A10323G,C14408T,C16393T,A21801C,A22206G,G22813T,G23012A,A23063T,A23403G,C23664T,G25563T,C25904T,C26456T,T27193C,C28253T,C28887T	11288-11296,22283-22291			E:P71L,N:T205I,ORF1a:T265I,ORF1a:K1655N,ORF1a:L3027F,ORF1a:K3353R,ORF1b:P314L,ORF1b:P976S,ORF3a:Q57H,ORF3a:S171L,S:D80A,S:D215G,S:K417N,S:E484K,S:N501Y,S:D614G,S:A701V	ORF1a:S3675-,ORF1a:G3676-,ORF1a:F3677-,S:L241-,S:L242-,S:A243-	1-54,22325-22542,29837-29903		ChinaCDC_N_F:C28887T	89541.0	0.0	29903.0	3000.0	1.444444	good	339.0	10.0	0.0	good	0.0	24.0	-3.0	0.0	good	5.0		0.0	good	0.0		0.0		0.0	0.0	good		0.0	0.0	good		mmm-artic-ont-s32219-1/ARTIC/medaka	E484K	harbor-sprite	confirmed	0.0	0.0	1.0	0.0	0.0	0.0	0.0
mmm-artic-ont-s53667-1		COMPLETED	COMPLETED	COMPLETED	COMPLETED	COMPLETED	COMPLETED	COMPLETED					COMPLETED	COMPLETED	COMPLETED	COMPLETED	COMPLETED		2307.0	160545.0	17164.0	29897.0	121.0	0.0	29776.0	B.1.258		mmm-artic-ont-s53667-1/ARTIC/medaka MN908947.3	20A	0.0	good	23.0	6.0	0.0	0.0	11.0	2.0	121.0	0.0	0.0	C241T,T1363A,C3037T,T7767C,C8047T,C10645T,G11557T,G12988T,C14408T,G15598A,C17104T,C17740T,G18028T,A20268G,C20451T,C22879A,A23403G,T24910C,G25606T,C26313T,T26972C,C27800A,G29734C	21765-21770			ORF1a:I2501T,ORF1a:E3764D,ORF1a:M4241I,ORF1b:P314L,ORF1b:V711I,ORF1b:H1213Y,ORF1b:R1425C,ORF1b:A1521S,ORF3a:A72S,S:N439K,S:D614G	S:H69-,S:V70-	1-54,29837-29903			89591.0	0.0	29903.0	3000.0	0.0	good	121.0	10.0	0.0	good	0.0	24.0	-2.0	0.0	good	6.0		0.0	good	0.0		0.0		0.0	0.0	good		0.0	0.0	good		mmm-artic-ont-s53667-1/ARTIC/medaka	unclassified	unclassified	unclassified							
mmm-artic-ont-s59130-1		COMPLETED	COMPLETED	COMPLETED	COMPLETED	COMPLETED	COMPLETED	COMPLETED					COMPLETED	COMPLETED	COMPLETED	COMPLETED	COMPLETED		208.0	192087.0	17919.0	29876.0	122.0	0.0	29754.0	P.1	Gamma (P.1-like)	mmm-artic-ont-s59130-1/ARTIC/medaka MN908947.3	20J (Gamma, V3)	0.0	good	28.0	27.0	0.0	0.0	20.0	9.0	122.0	0.0	1.0	C241T,T733C,C2749T,C3037T,C3828T,A5648C,A6319G,A6613G,C12778T,C13860T,C14408T,G17259T,C21614T,C21621A,C21638T,G21974T,G22132T,A22812C,G23012A,A23063T,A23403G,C23525T,C24642T,G25088T,T26149C,G28167A,C28512G,G28895T	11288-11296,28877-28894			N:P80R,ORF1a:S1188L,ORF1a:K1795Q,ORF1b:P314L,ORF1b:E1264D,ORF3a:S253P,ORF8:E92K,ORF9b:Q77E,S:L18F,S:T20N,S:P26S,S:D138Y,S:R190S,S:K417T,S:E484K,S:N501Y,S:D614G,S:H655Y,S:T1027I,S:V1176F	N:R203-,N:G204-,N:T205-,N:S206-,N:P207-,N:A208-,ORF1a:S3675-,ORF1a:G3676-,ORF1a:F3677-	1-54,28262,29837-29903		ChinaCDC_N_F:G28895T	89502.0	0.0	29903.0	3000.0	0.0	good	122.0	10.0	0.0	good	0.0	24.0	-7.0	0.0	good	1.0		0.0	good	0.0		0.0		0.0	0.0	good		0.0	0.0	good		mmm-artic-ont-s59130-1/ARTIC/medaka	E484K	harbor-sprite	confirmed	0.0	0.0	1.0	0.0	0.0	0.0	0.0
mmm-artic-ont-s59130-1		COMPLETED	COMPLETED	COMPLETED	COMPLETED	COMPLETED	COMPLETED	COMPLETED					COMPLETED	COMPLETED	COMPLETED	COMPLETED	COMPLETED		208.0	192087.0	17919.0	29876.0	122.0	0.0	29754.0	P.1	Gamma (P.1-like)	mmm-artic-ont-s59130-1/ARTIC/medaka MN908947.3	20J (Gamma, V3)	0.0	good	28.0	27.0	0.0	0.0	20.0	9.0	122.0	0.0	1.0	C241T,T733C,C2749T,C3037T,C3828T,A5648C,A6319G,A6613G,C12778T,C13860T,C14408T,G17259T,C21614T,C21621A,C21638T,G21974T,G22132T,A22812C,G23012A,A23063T,A23403G,C23525T,C24642T,G25088T,T26149C,G28167A,C28512G,G28895T	11288-11296,28877-28894			N:P80R,ORF1a:S1188L,ORF1a:K1795Q,ORF1b:P314L,ORF1b:E1264D,ORF3a:S253P,ORF8:E92K,ORF9b:Q77E,S:L18F,S:T20N,S:P26S,S:D138Y,S:R190S,S:K417T,S:E484K,S:N501Y,S:D614G,S:H655Y,S:T1027I,S:V1176F	N:R203-,N:G204-,N:T205-,N:S206-,N:P207-,N:A208-,ORF1a:S3675-,ORF1a:G3676-,ORF1a:F3677-	1-54,28262,29837-29903		ChinaCDC_N_F:G28895T	89502.0	0.0	29903.0	3000.0	0.0	good	122.0	10.0	0.0	good	0.0	24.0	-7.0	0.0	good	1.0		0.0	good	0.0		0.0		0.0	0.0	good		0.0	0.0	good		mmm-artic-ont-s59130-1/ARTIC/medaka	VOC-21JAN-02	slinky-antennae	confirmed	0.0	0.0	14.0	0.0	1.0	1.0	0.0
mmm-artic-ont-s64379-1		COMPLETED	COMPLETED	COMPLETED	COMPLETED	COMPLETED	COMPLETED	COMPLETED					COMPLETED	COMPLETED	COMPLETED	COMPLETED	COMPLETED		27.0	44160.0	4673.0	29903.0	121.0	0.0	29782.0	P.2	Zeta (P.2-like)	mmm-artic-ont-s64379-1/ARTIC/medaka MN908947.3	20B	0.0	good	21.0	0.0	0.0	0.0	10.0	0.0	121.0	0.0	4.0	C100T,C241T,C3037T,G3340T,T10667G,G11335T,C11824T,C12053T,C12076T,A12964G,C14408T,G23012A,A23403G,G25088T,C28253T,G28628T,G28881A,G28882A,G28883C,G28975T,C29754T				N:A119S,N:R203K,N:G204R,N:M234I,ORF1a:L3468V,ORF1a:L3930F,ORF1b:P314L,S:E484K,S:D614G,S:V1176F		1-54,29837-29903		ChinaCDC_N_F:G28881A;G28882A;G28883C,ChinaCDC_N_R:G28975T	89625.0	0.0	29903.0	3000.0	0.0	good	121.0	10.0	0.0	good	0.0	24.0	-4.0	0.0	good	4.0		0.0	good	0.0		0.0		0.0	0.0	good		0.0	0.0	good		mmm-artic-ont-s64379-1/ARTIC/medaka	E484K	harbor-sprite	confirmed	0.0	0.0	1.0	0.0	0.0	0.0	0.0
mmm-artic-ont-s64379-1		COMPLETED	COMPLETED	COMPLETED	COMPLETED	COMPLETED	COMPLETED	COMPLETED					COMPLETED	COMPLETED	COMPLETED	COMPLETED	COMPLETED		27.0	44160.0	4673.0	29903.0	121.0	0.0	29782.0	P.2	Zeta (P.2-like)	mmm-artic-ont-s64379-1/ARTIC/medaka MN908947.3	20B	0.0	good	21.0	0.0	0.0	0.0	10.0	0.0	121.0	0.0	4.0	C100T,C241T,C3037T,G3340T,T10667G,G11335T,C11824T,C12053T,C12076T,A12964G,C14408T,G23012A,A23403G,G25088T,C28253T,G28628T,G28881A,G28882A,G28883C,G28975T,C29754T				N:A119S,N:R203K,N:G204R,N:M234I,ORF1a:L3468V,ORF1a:L3930F,ORF1b:P314L,S:E484K,S:D614G,S:V1176F		1-54,29837-29903		ChinaCDC_N_F:G28881A;G28882A;G28883C,ChinaCDC_N_R:G28975T	89625.0	0.0	29903.0	3000.0	0.0	good	121.0	10.0	0.0	good	0.0	24.0	-4.0	0.0	good	4.0		0.0	good	0.0		0.0		0.0	0.0	good		0.0	0.0	good		mmm-artic-ont-s64379-1/ARTIC/medaka	VUI-21JAN-01	marbling-doodle	confirmed	0.0	0.0	7.0	0.0	0.0	0.0	0.0
mmm-artic-ont-s71898-1		COMPLETED	COMPLETED	COMPLETED	COMPLETED	COMPLETED	COMPLETED	COMPLETED					COMPLETED	COMPLETED	COMPLETED	COMPLETED	COMPLETED		1110.0	100853.0	9999.0	29903.0	121.0	0.0	29782.0	B.1.177.17		mmm-artic-ont-s71898-1/ARTIC/medaka MN908947.3	20E (EU1)	0.0	good	16.0	0.0	0.0	0.0	6.0	0.0	121.0	0.0	0.0	C241T,A408G,T445C,G2764T,C3037T,C6286T,C9073T,C14408T,G21255C,C22088T,C22227T,A23403G,C26801G,C28932T,G29645T,C29686T				N:A220V,ORF1a:D48G,ORF1b:P314L,S:L176F,S:A222V,S:D614G		1-54,29837-29903			89645.0	0.0	29903.0	3000.0	0.0	good	121.0	10.0	0.0	good	0.0	24.0	-3.0	0.0	good	5.0		0.0	good	0.0		0.0		0.0	0.0	good		0.0	0.0	good		mmm-artic-ont-s71898-1/ARTIC/medaka	unclassified	unclassified	unclassified							
mmm-artic-ont-s82718-2		COMPLETED	COMPLETED	COMPLETED	COMPLETED	COMPLETED	COMPLETED	COMPLETED					COMPLETED	COMPLETED	COMPLETED	COMPLETED	COMPLETED		892.0	264739.0	22376.0	29884.0	126.0	0.0	29758.0	B.1.1.7	Alpha (B.1.1.7-like)	mmm-artic-ont-s82718-2/ARTIC/medaka MN908947.3	20I (Alpha, V1)	0.0	good	29.0	19.0	0.0	0.0	19.0	6.0	126.0	0.0	0.0	C241T,C913T,C3037T,C3261T,C3267T,C5388A,C5986T,C6633T,T6954C,C14408T,C14676T,C15279T,T16176C,A17615G,A19079G,C19854T,A23063T,C23271A,A23403G,C23604A,C23709T,T24506G,G24914C,C27972T,G28048T,A28111G,G28280C,A28281T,T28282A	11288-11296,21765-21770,21992-21994,28271			N:D3L,ORF1a:T999I,ORF1a:T1001I,ORF1a:A1708D,ORF1a:A2123V,ORF1a:I2230T,ORF1b:P314L,ORF1b:K1383R,ORF1b:E1871G,ORF8:Q27*,ORF8:R52I,ORF8:Y73C,S:N501Y,S:A570D,S:D614G,S:P681H,S:T716I,S:S982A,S:D1118H	ORF1a:S3675-,ORF1a:G3676-,ORF1a:F3677-,S:H69-,S:V70-,S:Y144-	1-54,11417,28881-28883,28977,29837-29903			89508.0	0.0	29903.0	3000.0	0.0	good	126.0	10.0	0.0	good	0.0	24.0	-5.0	0.0	good	3.0		0.0	good	0.0		0.0		0.0	0.0	good		0.0	0.0	good		mmm-artic-ont-s82718-2/ARTIC/medaka	VOC-20DEC-01	denture-daughter	confirmed	0.0	0.0	13.0	0.0	2.0	0.0	0.0
mmm-artic-ont-s98244-1		COMPLETED	COMPLETED	COMPLETED	COMPLETED	COMPLETED	COMPLETED	COMPLETED					COMPLETED	COMPLETED	COMPLETED	COMPLETED	COMPLETED		83.0	126838.0	11766.0	29876.0	123.0	0.0	29753.0	P.1	Gamma (P.1-like)	mmm-artic-ont-s98244-1/ARTIC/medaka MN908947.3	20J (Gamma, V3)	0.0	good	28.0	27.0	0.0	0.0	20.0	9.0	123.0	0.0	1.0	C241T,T733C,C2749T,C3037T,C3828T,A5648C,A6319G,A6613G,C12778T,C13860T,C14408T,G17259T,C21614T,C21621A,C21638T,G21974T,G22132T,A22812C,G23012A,A23063T,A23403G,C23525T,C24642T,G25088T,T26149C,G28167A,C28512G,G28895T	11288-11296,28877-28894			N:P80R,ORF1a:S1188L,ORF1a:K1795Q,ORF1b:P314L,ORF1b:E1264D,ORF3a:S253P,ORF8:E92K,ORF9b:Q77E,S:L18F,S:T20N,S:P26S,S:D138Y,S:R190S,S:K417T,S:E484K,S:N501Y,S:D614G,S:H655Y,S:T1027I,S:V1176F	N:R203-,N:G204-,N:T205-,N:S206-,N:P207-,N:A208-,ORF1a:S3675-,ORF1a:G3676-,ORF1a:F3677-	1-54,11401,28262,29837-29903		ChinaCDC_N_F:G28895T	89502.0	0.0	29903.0	3000.0	0.0	good	123.0	10.0	0.0	good	0.0	24.0	-7.0	0.0	good	1.0		0.0	good	0.0		0.0		0.0	0.0	good		0.0	0.0	good		mmm-artic-ont-s98244-1/ARTIC/medaka	E484K	harbor-sprite	confirmed	0.0	0.0	1.0	0.0	0.0	0.0	0.0
mmm-artic-ont-s98244-1		COMPLETED	COMPLETED	COMPLETED	COMPLETED	COMPLETED	COMPLETED	COMPLETED					COMPLETED	COMPLETED	COMPLETED	COMPLETED	COMPLETED		83.0	126838.0	11766.0	29876.0	123.0	0.0	29753.0	P.1	Gamma (P.1-like)	mmm-artic-ont-s98244-1/ARTIC/medaka MN908947.3	20J (Gamma, V3)	0.0	good	28.0	27.0	0.0	0.0	20.0	9.0	123.0	0.0	1.0	C241T,T733C,C2749T,C3037T,C3828T,A5648C,A6319G,A6613G,C12778T,C13860T,C14408T,G17259T,C21614T,C21621A,C21638T,G21974T,G22132T,A22812C,G23012A,A23063T,A23403G,C23525T,C24642T,G25088T,T26149C,G28167A,C28512G,G28895T	11288-11296,28877-28894			N:P80R,ORF1a:S1188L,ORF1a:K1795Q,ORF1b:P314L,ORF1b:E1264D,ORF3a:S253P,ORF8:E92K,ORF9b:Q77E,S:L18F,S:T20N,S:P26S,S:D138Y,S:R190S,S:K417T,S:E484K,S:N501Y,S:D614G,S:H655Y,S:T1027I,S:V1176F	N:R203-,N:G204-,N:T205-,N:S206-,N:P207-,N:A208-,ORF1a:S3675-,ORF1a:G3676-,ORF1a:F3677-	1-54,11401,28262,29837-29903		ChinaCDC_N_F:G28895T	89502.0	0.0	29903.0	3000.0	0.0	good	123.0	10.0	0.0	good	0.0	24.0	-7.0	0.0	good	1.0		0.0	good	0.0		0.0		0.0	0.0	good		0.0	0.0	good		mmm-artic-ont-s98244-1/ARTIC/medaka	VOC-21JAN-02	slinky-antennae	confirmed	0.0	0.0	14.0	0.0	1.0	1.0	0.0
nonesampleprocess	COMPLETED								COMPLETED	COMPLETED	COMPLETED	COMPLETED						COMPLETED																																																																									
