sample	articNcovNanopore:sequenceAnalysisMedaka:articDownloadScheme	articNcovNanopore:sequenceAnalysisMedaka:articGuppyPlex	articNcovNanopore:sequenceAnalysisMedaka:articMinIONMedaka	articNcovNanopore:sequenceAnalysisMedaka:articRemoveUnmappedReads	articNcovNanopore:sequenceAnalysisMedaka:collateSamples	articNcovNanopore:sequenceAnalysisMedaka:downstreamAnalysis:FN4_upload	articNcovNanopore:sequenceAnalysisMedaka:downstreamAnalysis:aln2type	articNcovNanopore:sequenceAnalysisMedaka:downstreamAnalysis:download_nextclade_files	articNcovNanopore:sequenceAnalysisMedaka:downstreamAnalysis:getVariantDefinitions	articNcovNanopore:sequenceAnalysisMedaka:downstreamAnalysis:getWorkflowCommit	articNcovNanopore:sequenceAnalysisMedaka:downstreamAnalysis:makeReport	articNcovNanopore:sequenceAnalysisMedaka:downstreamAnalysis:nextclade	articNcovNanopore:sequenceAnalysisMedaka:downstreamAnalysis:pango	articNcovNanopore:sequenceAnalysisMedaka:getObjFilesONT	articNcovNanopore:sequenceAnalysisMedaka:makeQCCSV	articNcovNanopore:sequenceAnalysisMedaka:writeQCSummaryCSV	KRAKEN:Human reads	KRAKEN:reads	KRAKEN:Coronavirinae reads	CONSENSUS:length	CONSENSUS:masked (N)	CONSENSUS:padded (-)	CONSENSUS:bases (acgt)	lineage	scorpio_call	NEXTCLADE:seqName	NEXTCLADE:clade	NEXTCLADE:qc.overallScore	NEXTCLADE:qc.overallStatus	NEXTCLADE:totalSubstitutions	NEXTCLADE:totalDeletions	NEXTCLADE:totalInsertions	NEXTCLADE:totalAminoacidSubstitutions	NEXTCLADE:totalAminoacidDeletions	NEXTCLADE:totalMissing	NEXTCLADE:totalNonACGTNs	NEXTCLADE:totalPcrPrimerChanges	NEXTCLADE:substitutions	NEXTCLADE:deletions	NEXTCLADE:insertions	NEXTCLADE:aaSubstitutions	NEXTCLADE:aaDeletions	NEXTCLADE:missing	NEXTCLADE:nonACGTNs	NEXTCLADE:pcrPrimerChanges	NEXTCLADE:alignmentScore	NEXTCLADE:alignmentStart	NEXTCLADE:alignmentEnd	NEXTCLADE:qc.missingData.missingDataThreshold	NEXTCLADE:qc.missingData.score	NEXTCLADE:qc.missingData.status	NEXTCLADE:qc.missingData.totalMissing	NEXTCLADE:qc.mixedSites.mixedSitesThreshold	NEXTCLADE:qc.mixedSites.score	NEXTCLADE:qc.mixedSites.status	NEXTCLADE:qc.mixedSites.totalMixedSites	NEXTCLADE:qc.privateMutations.cutoff	NEXTCLADE:qc.privateMutations.excess	NEXTCLADE:qc.privateMutations.score	NEXTCLADE:qc.privateMutations.status	NEXTCLADE:qc.privateMutations.total	NEXTCLADE:qc.snpClusters.clusteredSNPs	NEXTCLADE:qc.snpClusters.score	NEXTCLADE:qc.snpClusters.status	NEXTCLADE:qc.snpClusters.totalSNPs	NEXTCLADE:qc.frameShifts.frameShifts	NEXTCLADE:qc.frameShifts.totalFrameShifts	NEXTCLADE:qc.frameShifts.score	NEXTCLADE:qc.frameShifts.status	NEXTCLADE:qc.stopCodons.stopCodons	NEXTCLADE:qc.stopCodons.totalStopCodons	NEXTCLADE:qc.stopCodons.score	NEXTCLADE:qc.stopCodons.status	NEXTCLADE:errors	ALN2TYPE:sample_id	ALN2TYPE:phe-label	ALN2TYPE:unique-id	ALN2TYPE:status	ALN2TYPE:mutation-ref-calls	ALN2TYPE:mutation-mixed-calls	ALN2TYPE:mutation-calls	ALN2TYPE:indel-ref-calls	ALN2TYPE:indel-calls	ALN2TYPE:no-calls	ALN2TYPE:no-calls-deletion
mmm-artic-ont-s11511-1		COMPLETED	COMPLETED	COMPLETED	COMPLETED	COMPLETED	COMPLETED				COMPLETED	COMPLETED	COMPLETED	COMPLETED	COMPLETED		2223.0	165540.0	16879.0	29903.0	121.0	0.0	29782.0	B.1.177		mmm-artic-ont-s11511-1/ARTIC/medaka MN908947.3	20E (EU1)	0.694444	good	24.0	0.0	0.0	9.0	0.0	121.0	0.0	0.0	G204T,C241T,T445C,C1758T,C3037T,C5575T,C6286T,G7042T,C11518T,C11962T,C14408T,A15753G,A19655G,G21255C,C21614T,C22227T,A23403G,G23611A,C24767T,C26801G,T27182C,C27944T,C28932T,G29645T			N:A220V,ORF1a:A498V,ORF1a:M2259I,ORF1b:P314L,ORF1b:K2063R,S:L18F,S:A222V,S:D614G,S:P1069S		1-54,29837-29903			89613.0	0.0	29903.0	3000.0	0.0	good	121.0	10.0	0.0	good	0.0	24.0	2.0	8.333333	good	10.0		0.0	good	0.0		0.0	0.0	good		0.0	0.0	good		mmm-artic-ont-s11511-1/ARTIC/medaka	unclassified	unclassified	unclassified							
mmm-artic-ont-s12220-4		COMPLETED	COMPLETED	COMPLETED	COMPLETED	COMPLETED	COMPLETED				COMPLETED	COMPLETED	COMPLETED	COMPLETED	COMPLETED		339.0	214103.0	18543.0	29903.0	121.0	0.0	29782.0	B.1.177.7		mmm-artic-ont-s12220-4/ARTIC/medaka MN908947.3	20E (EU1)	0.0	good	18.0	0.0	0.0	8.0	0.0	121.0	0.0	0.0	G204T,C241T,T445C,C1625T,C3037T,G4454T,C6286T,C14408T,C15480T,G21255C,C21614T,C22227T,A23403G,C24138T,C26801G,C27944T,C28932T,G29645T			N:A220V,ORF1a:L454F,ORF1a:A1397S,ORF1b:P314L,S:L18F,S:A222V,S:D614G,S:T859I		1-54,29837-29903			89637.0	0.0	29903.0	3000.0	0.0	good	121.0	10.0	0.0	good	0.0	24.0	-4.0	0.0	good	4.0		0.0	good	0.0		0.0	0.0	good		0.0	0.0	good		mmm-artic-ont-s12220-4/ARTIC/medaka	unclassified	unclassified	unclassified							
mmm-artic-ont-s12368-1		COMPLETED	COMPLETED	COMPLETED	COMPLETED	COMPLETED	COMPLETED				COMPLETED	COMPLETED	COMPLETED	COMPLETED	COMPLETED		168.0	213252.0	19575.0	29903.0	121.0	0.0	29782.0	P.2	Zeta (P.2-like)	mmm-artic-ont-s12368-1/ARTIC/medaka MN908947.3	20B	0.0	good	21.0	0.0	0.0	10.0	0.0	121.0	0.0	0.0	C100T,C241T,C3037T,G3340T,T10667G,G11335T,C11824T,C12053T,C12076T,A12964G,C14408T,G23012A,A23403G,G25088T,C28253T,G28628T,G28881A,G28882A,G28883C,G28975T,C29754T			N:A119S,N:R203K,N:G204R,N:M234I,ORF1a:L3468V,ORF1a:L3930F,ORF1b:P314L,S:E484K,S:D614G,S:V1176F		1-54,29837-29903			89625.0	0.0	29903.0	3000.0	0.0	good	121.0	10.0	0.0	good	0.0	24.0	-4.0	0.0	good	4.0		0.0	good	0.0		0.0	0.0	good		0.0	0.0	good		mmm-artic-ont-s12368-1/ARTIC/medaka	E484K	harbor-sprite	confirmed	0.0	0.0	1.0	0.0	0.0	0.0	0.0
mmm-artic-ont-s12368-1		COMPLETED	COMPLETED	COMPLETED	COMPLETED	COMPLETED	COMPLETED				COMPLETED	COMPLETED	COMPLETED	COMPLETED	COMPLETED		168.0	213252.0	19575.0	29903.0	121.0	0.0	29782.0	P.2	Zeta (P.2-like)	mmm-artic-ont-s12368-1/ARTIC/medaka MN908947.3	20B	0.0	good	21.0	0.0	0.0	10.0	0.0	121.0	0.0	0.0	C100T,C241T,C3037T,G3340T,T10667G,G11335T,C11824T,C12053T,C12076T,A12964G,C14408T,G23012A,A23403G,G25088T,C28253T,G28628T,G28881A,G28882A,G28883C,G28975T,C29754T			N:A119S,N:R203K,N:G204R,N:M234I,ORF1a:L3468V,ORF1a:L3930F,ORF1b:P314L,S:E484K,S:D614G,S:V1176F		1-54,29837-29903			89625.0	0.0	29903.0	3000.0	0.0	good	121.0	10.0	0.0	good	0.0	24.0	-4.0	0.0	good	4.0		0.0	good	0.0		0.0	0.0	good		0.0	0.0	good		mmm-artic-ont-s12368-1/ARTIC/medaka	VUI-21JAN-01	marbling-doodle	confirmed	0.0	0.0	7.0	0.0	0.0	0.0	0.0
mmm-artic-ont-s16621-3		COMPLETED	COMPLETED	COMPLETED	COMPLETED	COMPLETED	COMPLETED				COMPLETED	COMPLETED	COMPLETED	COMPLETED	COMPLETED		348.0	209058.0	16948.0	29884.0	121.0	0.0	29763.0	B.1.1.7	Alpha (B.1.1.7-like)	mmm-artic-ont-s16621-3/ARTIC/medaka MN908947.3	20I (Alpha, V1)	0.0	good	30.0	19.0	0.0	20.0	6.0	121.0	0.0	0.0	C241T,C913T,C3037T,C3177T,C3267T,C5388A,A5715G,C5986T,T6954C,C14408T,C14676T,C15279T,T16176C,A23063T,C23271A,A23403G,C23604A,C23709T,T24506G,G24914C,C27972T,G28048T,A28111G,G28280C,A28281T,T28282A,G28881A,G28882A,G28883C,C28977T	11288-11296,21765-21770,21992-21994,28271		N:D3L,N:R203K,N:G204R,N:S235F,ORF1a:P971L,ORF1a:T1001I,ORF1a:A1708D,ORF1a:K1817R,ORF1a:I2230T,ORF1b:P314L,ORF8:Q27*,ORF8:R52I,ORF8:Y73C,S:N501Y,S:A570D,S:D614G,S:P681H,S:T716I,S:S982A,S:D1118H	ORF1a:S3675-,ORF1a:G3676-,ORF1a:F3677-,S:H69-,S:V70-,S:Y144-	1-54,29837-29903			89504.0	0.0	29903.0	3000.0	0.0	good	121.0	10.0	0.0	good	0.0	24.0	-2.0	0.0	good	6.0		0.0	good	0.0		0.0	0.0	good		0.0	0.0	good		mmm-artic-ont-s16621-3/ARTIC/medaka	VOC-20DEC-01	denture-daughter	confirmed	0.0	0.0	13.0	0.0	2.0	0.0	0.0
nonesampleprocess	COMPLETED							COMPLETED	COMPLETED	COMPLETED						COMPLETED																																																																					
